nohup: ignoring input
[2025-05-27 08:50:48 +0000] [3135180] [INFO] Starting gunicorn 23.0.0
[2025-05-27 08:50:48 +0000] [3135180] [INFO] Listening at: http://0.0.0.0:8000 (3135180)
[2025-05-27 08:50:48 +0000] [3135180] [INFO] Using worker: sync
[2025-05-27 08:50:48 +0000] [3135181] [INFO] Booting worker with pid: 3135181
[2025-05-27 08:50:48 +0000] [3135182] [INFO] Booting worker with pid: 3135182
[2025-05-27 08:50:48 +0000] [3135183] [INFO] Booting worker with pid: 3135183
[2025-05-27 08:50:49 +0000] [3135190] [INFO] Booting worker with pid: 3135190
[2025-05-27 10:09:35 +0000] [3135181] [WARNING] Invalid request from ip=47.236.240.249: Invalid HTTP request line: ''
[2025-05-27 13:59:10 +0000] [3135180] [INFO] Handling signal: hup
[2025-05-27 13:59:10 +0000] [3135180] [INFO] Hang up: Master
[2025-05-27 13:59:10 +0000] [3135180] [ERROR] Worker (pid:3135183) was sent SIGHUP!
[2025-05-27 13:59:10 +0000] [3135180] [ERROR] Worker (pid:3135181) was sent SIGHUP!
[2025-05-27 13:59:10 +0000] [3135180] [ERROR] Worker (pid:3135190) was sent SIGHUP!
[2025-05-27 13:59:10 +0000] [3135180] [ERROR] Worker (pid:3135182) was sent SIGHUP!
[2025-05-27 13:59:10 +0000] [3170971] [INFO] Booting worker with pid: 3170971
[2025-05-27 13:59:10 +0000] [3170970] [INFO] Booting worker with pid: 3170970
[2025-05-27 13:59:10 +0000] [3170973] [INFO] Booting worker with pid: 3170973
[2025-05-27 13:59:10 +0000] [3170972] [INFO] Booting worker with pid: 3170972
[2025-05-27 19:53:34 +0000] [3170972] [WARNING] Invalid request from ip=199.45.154.155: Invalid HTTP Version: (2, 0)
[2025-05-29 09:28:44 +0000] [3170972] [WARNING] Invalid request from ip=206.168.34.76: Invalid HTTP Version: (2, 0)
[2025-05-29 11:15:38 +0000] [3170971] [WARNING] Invalid request from ip=70.39.75.144: Invalid HTTP request line: "\x16\x03\x01\x00u\x01\x00\x00q\x03\x03)\x13Ë>'"
[2025-05-29 13:15:30 +0000] [3170973] [WARNING] Invalid request from ip=47.236.244.144: Invalid HTTP request line: ''
[2025-05-30 02:11:19 +0000] [3135180] [CRITICAL] WORKER TIMEOUT (pid:3170970)
[2025-05-30 02:11:19 +0000] [3170970] [ERROR] Error handling request (no URI read)
Traceback (most recent call last):
  File "/mnt/data/home/master/venv/lib/python3.9/site-packages/gunicorn/workers/sync.py", line 133, in handle
    req = next(parser)
  File "/mnt/data/home/master/venv/lib/python3.9/site-packages/gunicorn/http/parser.py", line 41, in __next__
    self.mesg = self.mesg_class(self.cfg, self.unreader, self.source_addr, self.req_count)
  File "/mnt/data/home/master/venv/lib/python3.9/site-packages/gunicorn/http/message.py", line 259, in __init__
    super().__init__(cfg, unreader, peer_addr)
  File "/mnt/data/home/master/venv/lib/python3.9/site-packages/gunicorn/http/message.py", line 60, in __init__
    unused = self.parse(self.unreader)
  File "/mnt/data/home/master/venv/lib/python3.9/site-packages/gunicorn/http/message.py", line 271, in parse
    self.get_data(unreader, buf, stop=True)
  File "/mnt/data/home/master/venv/lib/python3.9/site-packages/gunicorn/http/message.py", line 262, in get_data
    data = unreader.read()
  File "/mnt/data/home/master/venv/lib/python3.9/site-packages/gunicorn/http/unreader.py", line 36, in read
    d = self.chunk()
  File "/mnt/data/home/master/venv/lib/python3.9/site-packages/gunicorn/http/unreader.py", line 63, in chunk
    return self.sock.recv(self.mxchunk)
  File "/mnt/data/home/master/venv/lib/python3.9/site-packages/gunicorn/workers/base.py", line 204, in handle_abort
    sys.exit(1)
SystemExit: 1
[2025-05-30 02:11:19 +0000] [3170970] [INFO] Worker exiting (pid: 3170970)
[2025-05-30 02:11:20 +0000] [3135180] [ERROR] Worker (pid:3170970) was sent SIGKILL! Perhaps out of memory?
[2025-05-30 02:11:20 +0000] [3620384] [INFO] Booting worker with pid: 3620384
[2025-05-30 10:55:15 +0000] [3135180] [INFO] Handling signal: term
[2025-05-30 10:55:15 +0000] [3620384] [INFO] Worker exiting (pid: 3620384)
[2025-05-30 10:55:15 +0000] [3170971] [INFO] Worker exiting (pid: 3170971)
[2025-05-30 10:55:15 +0000] [3170972] [INFO] Worker exiting (pid: 3170972)
[2025-05-30 10:55:15 +0000] [3170973] [INFO] Worker exiting (pid: 3170973)
[2025-05-30 10:55:21 +0000] [3135180] [INFO] Shutting down: Master
